// Jest Snapshot v1, https://goo.gl/fbAQLP

exports[`LoginPanel Snapshot 1`] = `
<View
  style={
    Object {
      "width": "75%",
    }
  }
>
  <LoginForm />
</View>
`;
